{"Page banner renders root page banner correctly: src/components/nav-menu.js":{"site":{"siteMetadata":{"title":"Otto Lindblom","menuLinks":[{"name":"About","link":"/#about"},{"name":"Projects","link":"/#projects"},{"name":"Brief CV","link":"/brief-cv"},{"name":"Contact","link":"/#contact"}]}}},"Page banner renders child page banner correctly: src/components/nav-menu.js":{"site":{"siteMetadata":{"title":"Otto Lindblom","menuLinks":[{"name":"About","link":"/#about"},{"name":"Projects","link":"/#projects"},{"name":"Brief CV","link":"/brief-cv"},{"name":"Contact","link":"/#contact"}]}}}}