{"Page footer renders footer correctly: src/components/footer.js":{"site":{"siteMetadata":{"contactOptions":[{"name":"github","label":"GitHub","url":"https://github.com/prottonicfusion/"},{"name":"linkedin","label":"LinkedIn","url":"https://www.linkedin.com/in/otto-lindblom"},{"name":"email","label":"E-mail","url":"mailto: otto.lindblom@gmail.com"}],"author":"Otto Lindblom"}}}}